// Jest Snapshot v1, https://goo.gl/fbAQLP

exports[`should not render without props 1`] = `""`;

exports[`should render error before result 1`] = `
"<div>
  There was an error
</div>"
`;

exports[`should render with error 1`] = `
"<div>
  There was an error
</div>"
`;

exports[`should render with result 1`] = `
"<Table celled={true} as=\\"table\\">
  <TableHeader as=\\"thead\\">
    <TableRow as=\\"tr\\" cellAs=\\"td\\">
      <TableHeaderCell as=\\"th\\">
        populationTotal
      </TableHeaderCell>
    </TableRow>
  </TableHeader>
  <TableBody as=\\"tbody\\">
    <TableRow as=\\"tr\\" cellAs=\\"td\\">
      <TableCell as=\\"td\\">
        13670084
      </TableCell>
    </TableRow>
  </TableBody>
</Table>"
`;
